[backblue.gif]
[fade.gif]
[index.html]
[colgis-bd.com/image/colgis_logo_transparent.png]
[use.fontawesome.com/releases/v5.6.3/css/all.css]
[colgis-bd.com/image/en.png]
[colgis-bd.com/image/jp.png]
[colgis-bd.com/image/bn.png]
[colgis-bd.com/video/background.mp4]
[colgis-bd.com/image/mizo.png]
[code.jquery.com/jquery-3.1.1.min.js]
[colgis-bd.com/index.html]
[colgis-bd.com/css/materialize.css]
[colgis-bd.com/css/homepage.css]
[use.fontawesome.com/releases/v5.6.3/css/all.css]
[cdnjs.cloudflare.com/ajax/libs/materialize/1.0.0/js/materialize.min.js]
[colgis-bd.com/image/ceo.png]
[colgis-bd.com/image/dri.png]
[colgis-bd.com/image/dri2.jpg]
[colgis-bd.com/company.html]
[colgis-bd.com/image/tiger.jpg]
[colgis-bd.com/image/ratargul.jpg]
[colgis-bd.com/image/teaGarden.jpg]
[colgis-bd.com/image/bd11.jpg]
[colgis-bd.com/image/falgun.jpg]
[colgis-bd.com/image/21Feb.jpg]
[colgis-bd.com/image/IndependenceDay.jpg]
[colgis-bd.com/image/pahelaBoishakh.jpg]
[colgis-bd.com/image/NobannoUtshob.jpg]
[colgis-bd.com/image/victoryDay.jpg]
[colgis-bd.com/image/EidUlFitr.jpg]
[colgis-bd.com/image/EidUlAdha.jpg]
[colgis-bd.com/image/DurgaPuja.jpg]
[colgis-bd.com/image/roth.jpg]
[colgis-bd.com/image/BuddhaPurnima.jpg]
[colgis-bd.com/image/Christmas3.jpg]
[colgis-bd.com/image/kacchi.png]
[colgis-bd.com/image/kabab.jpg]
[colgis-bd.com/image/firni.jpg]
[colgis-bd.com/image/fuchka.jpg]
[colgis-bd.com/image/pitha.jpg]
[colgis-bd.com/image/bakorkhani.jpg]
[colgis-bd.com/image/doi.jpg]
[colgis-bd.com/image/balushai.jpg]
[colgis-bd.com/image/roshmalai.jpg]
[colgis-bd.com/image/chomchom.jpg]
[colgis-bd.com/image/Borhani.jpg]
[colgis-bd.com/image/sevenColorTea.jpg]
[colgis-bd.com/image/dhaka.jpg]
[colgis-bd.com/image/coxsBazar.jpg]
[colgis-bd.com/image/stMartin.jpg]
[colgis-bd.com/image/sundarban.jpg]
[colgis-bd.com/image/sajekVally.jpg]
[colgis-bd.com/image/Sylhet.jpg]
[colgis-bd.com/image/paharpur.jpg]
[colgis-bd.com/aboutBangladesh.html]
[colgis-bd.com/image/web/dreammaster.png]
[colgis-bd.com/image/web/dreammaster1.png]
[colgis-bd.com/image/web/dreammaster2.png]
[colgis-bd.com/image/web/dreammaster3.png]
[colgis-bd.com/webshowcase.html]
[colgis-bd.com/career.html]
